\BOOKMARK [0][-]{section*.2}{\376\377\144\130\000\040\211\201}{}% 1
\BOOKMARK [0][-]{section*.4}{Abstract}{}% 2
\BOOKMARK [0][-]{section*.5}{\376\377\166\356\000\040\137\125}{}% 3
\BOOKMARK [0][-]{section*.7}{\376\377\126\376\137\142\122\027\210\150}{}% 4
\BOOKMARK [0][-]{section*.8}{\376\377\210\150\150\074\122\027\210\150}{}% 5
\BOOKMARK [0][-]{chapter.1}{\376\377\173\054\0001\172\340\000\040\000\040\176\352\213\272}{}% 6
\BOOKMARK [1][-]{section.1.1}{\376\377\0001\000.\0001\000\040\170\024\172\166\200\314\146\157\116\016\225\356\230\230\133\232\116\111}{chapter.1}% 7
\BOOKMARK [1][-]{section.1.2}{\376\377\0001\000.\0002\000\040\170\024\172\166\166\356\150\007\116\016\215\041\163\056}{chapter.1}% 8
\BOOKMARK [1][-]{section.1.3}{\376\377\0001\000.\0003\000\040\170\024\172\166\145\271\154\325\116\016\142\200\147\057\215\357\176\277}{chapter.1}% 9
\BOOKMARK [1][-]{section.1.4}{\376\377\0001\000.\0004\000\040\213\272\145\207\176\323\147\204}{chapter.1}% 10
\BOOKMARK [0][-]{chapter.2}{\376\377\173\054\0002\172\340\000\040\000\040\145\160\143\156\226\306\147\204\136\372\116\016\000\040\000B\000u\000g\000\040\117\356\131\015\213\306\122\053}{}% 11
\BOOKMARK [1][-]{section.2.1}{\376\377\0002\000.\0001\000\040\145\160\143\156\151\202\211\310\116\016\122\035\153\145\221\317\123\026\122\006\147\220}{chapter.2}% 12
\BOOKMARK [1][-]{section.2.2}{\376\377\0002\000.\0002\000\040\000B\000u\000g\000\040\117\356\131\015\213\306\122\053\211\304\122\031\116\016\150\007\154\350\155\101\172\013}{chapter.2}% 13
\BOOKMARK [2][-]{subsection.2.2.1}{\376\377\0002\000.\0002\000.\0001\000\040\213\306\122\053\211\304\122\031}{section.2.2}% 14
\BOOKMARK [2][-]{subsection.2.2.2}{\376\377\0002\000.\0002\000.\0002\000\040\150\007\154\350\155\101\172\013\116\016\215\050\221\317\143\247\122\066}{section.2.2}% 15
\BOOKMARK [1][-]{section.2.3}{\376\377\0002\000.\0003\000\040\143\317\217\360\140\047\176\337\213\241\122\006\147\220}{chapter.2}% 16
\BOOKMARK [2][-]{subsection.2.3.1}{\376\377\0002\000.\0003\000.\0001\000\040\117\356\131\015\131\015\147\102\136\246\122\006\147\220}{section.2.3}% 17
\BOOKMARK [2][-]{subsection.2.3.2}{\376\377\0002\000.\0003\000.\0002\000\040\117\134\200\005\215\041\163\056\136\246\122\006\136\003}{section.2.3}% 18
\BOOKMARK [2][-]{subsection.2.3.3}{\376\377\0002\000.\0003\000.\0003\000\040\152\041\127\127\122\006\136\003\162\171\137\201}{section.2.3}% 19
\BOOKMARK [0][-]{chapter.3}{\376\377\173\054\0003\172\340\000\040\000\040\000B\000u\000g\000\040\117\356\131\015\176\323\147\204\157\024\123\026\122\006\147\220\377\010\227\131\140\001\377\011}{}% 20
\BOOKMARK [1][-]{section.3.1}{\376\377\0003\000.\0001\000\040\000A\000S\000T\000\040\116\016\000\040\000l\000i\000b\000c\000s\000t\000\040\122\006\147\220\145\271\154\325}{chapter.3}% 21
\BOOKMARK [1][-]{section.3.2}{\376\377\0003\000.\0002\000\040\121\170\127\213\117\356\131\015\152\041\137\017\377\032\122\115\177\156\147\141\116\366\146\076\137\017\123\026\116\016\225\031\213\357\215\357\137\204\146\076\137\017\123\026}{chapter.3}% 22
\BOOKMARK [1][-]{section.3.3}{\376\377\0003\000.\0003\000\040\143\247\122\066\155\101\116\016\147\141\116\366\131\015\147\102\136\246\123\330\123\026}{chapter.3}% 23
\BOOKMARK [1][-]{section.3.4}{\376\377\0003\000.\0004\000\040\227\131\140\001\122\006\147\220\134\017\176\323}{chapter.3}% 24
\BOOKMARK [0][-]{chapter.4}{\376\377\173\054\0004\172\340\000\040\000\040\122\250\140\001\142\147\210\114\217\150\217\371\116\016\150\110\117\213\131\015\163\260}{}% 25
\BOOKMARK [1][-]{section.4.1}{\376\377\0004\000.\0001\000\040\122\250\140\001\122\006\147\220\133\371\214\141\116\016\133\236\232\214\163\257\130\203}{chapter.4}% 26
\BOOKMARK [1][-]{section.4.2}{\376\377\0004\000.\0002\000\040\000g\000e\000n\000e\000r\000a\000t\000e\000\137\000e\000d\000i\000t\000o\000r\000c\000o\000n\000f\000i\000g\000.\000p\000y\000\040\166\204\137\002\136\070\133\232\117\115\377\010\000S\000i\000l\000e\000n\000t\000\040\000F\000a\000i\000l\000u\000r\000e\377\011}{chapter.4}% 27
\BOOKMARK [1][-]{section.4.3}{\376\377\0004\000.\0003\000\040\117\356\131\015\173\126\165\145\116\016\126\336\137\122\155\113\213\325\176\323\147\234}{chapter.4}% 28
\BOOKMARK [1][-]{section.4.4}{\376\377\0004\000.\0004\000\040\122\250\140\001\213\301\143\156\133\371\227\131\140\001\176\323\213\272\166\204\210\145\121\105\116\367\120\074}{chapter.4}% 29
\BOOKMARK [1][-]{section.4.5}{\376\377\0004\000.\0005\000\040\147\054\172\340\134\017\176\323}{chapter.4}% 30
\BOOKMARK [0][-]{chapter.5}{\376\377\173\054\0005\172\340\000\040\000\040\137\142\137\017\123\026\136\372\152\041\116\016\117\356\131\015\153\143\170\156\140\047\232\214\213\301}{}% 31
\BOOKMARK [1][-]{section.5.1}{\376\377\0005\000.\0001\000\040\232\214\213\301\166\356\150\007\116\016\000\040\000Z\0003\000\040\163\257\130\203\221\115\177\156}{chapter.5}% 32
\BOOKMARK [1][-]{section.5.2}{\376\377\0005\000.\0002\000\040\150\070\137\303\133\236\232\214\116\000\377\032\000C\000\040\156\220\170\001\220\073\217\221\117\356\131\015\166\204\173\046\123\367\123\026\232\214\213\301}{chapter.5}% 33
\BOOKMARK [2][-]{subsection.5.2.1}{\376\377\0005\000.\0002\000.\0001\000\040\173\227\147\057\156\242\121\372\226\062\142\244\232\214\213\301\377\010\127\372\116\216\000\040\0002\0000\0002\0005\000\137\000e\0002\000c\000e\000f\000f\0001\0003\000.\000d\000i\000f\000f\377\011}{section.5.2}% 34
\BOOKMARK [2][-]{subsection.5.2.2}{\376\377\0005\000.\0002\000.\0002\000\040\177\023\121\262\123\072\217\271\165\114\122\250\140\001\122\240\126\372\377\010\127\372\116\216\000\040\0002\0000\0002\0002\000\137\000a\0004\0000\0005\0009\0000\0008\000f\000.\000d\000i\000f\000f\377\011}{section.5.2}% 35
\BOOKMARK [2][-]{subsection.5.2.3}{\376\377\0005\000.\0002\000.\0003\000\040\217\333\172\013\156\005\164\006\162\266\140\001\147\072\232\214\213\301}{section.5.2}% 36
\BOOKMARK [1][-]{section.5.3}{\376\377\0005\000.\0003\000\040\150\070\137\303\133\236\232\214\116\214\377\032\221\115\177\156\124\014\153\145\220\073\217\221\166\204\000\040\000P\000y\000t\000h\000o\000n\000\040\201\032\147\054\232\214\213\301}{chapter.5}% 37
\BOOKMARK [2][-]{subsection.5.3.1}{\376\377\0005\000.\0003\000.\0001\000\040\123\330\221\317\133\232\116\111\116\016\162\266\140\001\142\275\214\141}{section.5.3}% 38
\BOOKMARK [2][-]{subsection.5.3.2}{\376\377\0005\000.\0003\000.\0002\000\040\133\211\121\150\211\304\176\246\116\016\117\356\131\015\232\214\213\301}{section.5.3}% 39
\BOOKMARK [1][-]{section.5.4}{\376\377\0005\000.\0004\000\040\147\054\172\340\134\017\176\323}{chapter.5}% 40
\BOOKMARK [0][-]{chapter.6}{\376\377\173\054\0006\172\340\000\040\000\040\176\374\124\010\213\250\213\272}{}% 41
\BOOKMARK [1][-]{section.6.1}{\376\377\0006\000.\0001\000\040\116\316\227\000\154\102\232\161\122\250\122\060\135\345\172\013\133\236\163\260\166\204\121\150\165\037\124\175\124\150\147\037\122\006\147\220}{chapter.6}% 42
\BOOKMARK [2][-]{subsection.6.1.1}{\376\377\0006\000.\0001\000.\0001\000\040\227\000\154\102\213\306\122\053\377\032\116\316\177\072\226\167\123\315\231\210\122\060\220\073\217\221\211\304\176\246}{section.6.1}% 43
\BOOKMARK [2][-]{subsection.6.1.2}{\376\377\0006\000.\0001\000.\0002\000\040\174\373\176\337\213\276\213\241\116\016\152\041\137\017\220\011\142\351}{section.6.1}% 44
\BOOKMARK [2][-]{subsection.6.1.3}{\376\377\0006\000.\0001\000.\0003\000\040\133\236\163\260\116\016\232\214\213\301\377\032\116\011\174\173\213\301\143\156\224\376\166\204\123\117\124\014\116\222\213\301}{section.6.1}% 45
\BOOKMARK [1][-]{section.6.2}{\376\377\0006\000.\0002\000\040\232\330\230\316\226\151\152\041\127\127\154\273\164\006\124\057\171\072\377\032\116\345\000\040\000s\000t\000o\000r\000a\000g\000e\000/\000r\000e\000p\000l\000i\000c\000a\000t\000i\000o\000n\000/\000W\000A\000L\000\040\116\072\117\213}{chapter.6}% 46
\BOOKMARK [1][-]{section.6.3}{\376\377\0006\000.\0003\000\040\145\271\154\325\134\100\226\120\116\016\147\011\145\110\140\047\132\001\200\301}{chapter.6}% 47
\BOOKMARK [0][-]{chapter.7}{\376\377\173\054\0007\172\340\000\040\000\040\176\323\213\272\116\016\147\052\147\145\135\345\117\134}{}% 48
\BOOKMARK [1][-]{section.7.1}{\376\377\0007\000.\0001\000\040\116\073\211\201\170\024\172\166\176\323\213\272}{chapter.7}% 49
\BOOKMARK [1][-]{section.7.2}{\376\377\0007\000.\0002\000\040\135\345\172\013\133\236\215\365\136\372\213\256}{chapter.7}% 50
\BOOKMARK [1][-]{section.7.3}{\376\377\0007\000.\0003\000\040\124\016\176\355\135\345\117\134\134\125\147\033}{chapter.7}% 51
\BOOKMARK [0][-]{appendix.A}{\376\377\226\104\137\125\000\040\000A\000\040\000\040\230\171\166\356\215\104\156\220\116\016\156\220\116\343\170\001\213\364\146\016}{}% 52
\BOOKMARK [1][-]{section.A.1}{\376\377\000A\000.\0001\000\040\137\000\156\220\230\171\166\356\127\060\127\100}{appendix.A}% 53
\BOOKMARK [1][-]{section.A.2}{\376\377\000A\000.\0002\000\040\230\171\166\356\176\323\147\204\213\364\146\016}{appendix.A}% 54
