\BOOKMARK [0][-]{section*.2}{\376\377\144\130\000\040\211\201}{}% 1
\BOOKMARK [0][-]{section*.4}{Abstract}{}% 2
\BOOKMARK [0][-]{section*.5}{\376\377\166\356\000\040\137\125}{}% 3
\BOOKMARK [0][-]{section*.7}{\376\377\126\376\137\142\122\027\210\150}{}% 4
\BOOKMARK [0][-]{section*.8}{\376\377\210\150\150\074\122\027\210\150}{}% 5
\BOOKMARK [0][-]{section*.10}{\376\377\173\046\123\367\122\027\210\150}{}% 6
\BOOKMARK [0][-]{chapter.1}{\376\377\173\054\0001\172\340\000\040\000\040\176\352\213\272}{}% 7
\BOOKMARK [1][-]{section.1.1}{\376\377\0001\000.\0001\000\040\170\024\172\166\200\314\146\157\116\016\225\356\230\230\133\232\116\111}{chapter.1}% 8
\BOOKMARK [1][-]{section.1.2}{\376\377\0001\000.\0002\000\040\170\024\172\166\166\356\150\007\116\016\215\041\163\056}{chapter.1}% 9
\BOOKMARK [1][-]{section.1.3}{\376\377\0001\000.\0003\000\040\170\024\172\166\145\271\154\325\116\016\142\200\147\057\215\357\176\277}{chapter.1}% 10
\BOOKMARK [1][-]{section.1.4}{\376\377\0001\000.\0004\000\040\213\272\145\207\176\323\147\204}{chapter.1}% 11
\BOOKMARK [0][-]{chapter.2}{\376\377\173\054\0002\172\340\000\040\000\040\145\160\143\156\226\306\147\204\136\372\116\016\000\040\000B\000u\000g\000\040\117\356\131\015\213\306\122\053}{}% 12
\BOOKMARK [1][-]{section.2.1}{\376\377\0002\000.\0001\000\040\000P\000o\000s\000t\000g\000r\000e\000S\000Q\000L\000\040\143\320\116\244\145\160\143\156\203\003\126\364\116\016\147\145\156\220\377\010\0002\0000\0002\0002\040\023\0002\0000\0002\0005\377\011}{chapter.2}% 13
\BOOKMARK [1][-]{section.2.2}{\376\377\0002\000.\0002\000\040\000B\000u\000g\000\040\117\356\131\015\143\320\116\244\213\306\122\053\211\304\122\031\377\010\121\163\225\056\213\315\000/\176\323\147\204\000/\155\113\213\325\117\341\123\367\377\011}{chapter.2}% 14
\BOOKMARK [1][-]{section.2.3}{\376\377\0002\000.\0003\000\040\150\007\154\350\155\101\172\013\116\016\215\050\221\317\143\247\122\066\377\010\000Y\000/\000M\000/\000N\000\040\116\016\131\015\150\070\147\072\122\066\377\011}{chapter.2}% 15
\BOOKMARK [1][-]{section.2.4}{\376\377\0002\000.\0004\000\040\143\317\217\360\140\047\176\337\213\241\377\010\145\366\225\364\060\001\117\134\200\005\060\001\152\041\127\127\060\001\211\304\152\041\377\011}{chapter.2}% 16
\BOOKMARK [0][-]{chapter.3}{\376\377\173\054\0003\172\340\000\040\000\040\000B\000u\000g\000\040\117\356\131\015\176\323\147\204\157\024\123\026\122\006\147\220\377\010\227\131\140\001\377\011}{}% 17
\BOOKMARK [1][-]{section.3.1}{\376\377\0003\000.\0001\000\040\000A\000S\000T\000\040\116\016\000\040\000l\000i\000b\000c\000s\000t\000\040\122\006\147\220\145\271\154\325}{chapter.3}% 18
\BOOKMARK [1][-]{section.3.2}{\376\377\0003\000.\0002\000\040\121\170\127\213\117\356\131\015\152\041\137\017\377\032\122\115\177\156\147\141\116\366\146\076\137\017\123\026\116\016\225\031\213\357\215\357\137\204\146\076\137\017\123\026}{chapter.3}% 19
\BOOKMARK [1][-]{section.3.3}{\376\377\0003\000.\0003\000\040\143\247\122\066\155\101\116\016\147\141\116\366\131\015\147\102\136\246\123\330\123\026}{chapter.3}% 20
\BOOKMARK [1][-]{section.3.4}{\376\377\0003\000.\0004\000\040\227\131\140\001\122\006\147\220\134\017\176\323}{chapter.3}% 21
\BOOKMARK [0][-]{chapter.4}{\376\377\173\054\0004\172\340\000\040\000\040\122\250\140\001\142\147\210\114\217\150\217\371\116\016\150\110\117\213\131\015\163\260}{}% 22
\BOOKMARK [1][-]{section.4.1}{\376\377\0004\000.\0001\000\040\122\250\140\001\122\006\147\220\133\371\214\141\116\016\133\236\232\214\163\257\130\203}{chapter.4}% 23
\BOOKMARK [1][-]{section.4.2}{\376\377\0004\000.\0002\000\040\000g\000e\000n\000e\000r\000a\000t\000e\000\137\000e\000d\000i\000t\000o\000r\000c\000o\000n\000f\000i\000g\000.\000p\000y\000\040\166\204\137\002\136\070\133\232\117\115\377\010\000S\000i\000l\000e\000n\000t\000\040\000F\000a\000i\000l\000u\000r\000e\377\011}{chapter.4}% 24
\BOOKMARK [1][-]{section.4.3}{\376\377\0004\000.\0003\000\040\117\356\131\015\173\126\165\145\116\016\126\336\137\122\155\113\213\325\176\323\147\234}{chapter.4}% 25
\BOOKMARK [1][-]{section.4.4}{\376\377\0004\000.\0004\000\040\122\250\140\001\213\301\143\156\133\371\227\131\140\001\176\323\213\272\166\204\210\145\121\105\116\367\120\074}{chapter.4}% 26
\BOOKMARK [0][-]{chapter.5}{\376\377\173\054\0005\172\340\000\040\000\040\137\142\137\017\123\026\136\372\152\041\116\016\117\356\131\015\153\143\170\156\140\047\232\214\213\301}{}% 27
\BOOKMARK [1][-]{section.5.1}{\376\377\0005\000.\0001\000\040\000Z\0003\000\040\136\372\152\041\133\371\214\141\116\016\162\266\140\001\142\275\214\141}{chapter.5}% 28
\BOOKMARK [1][-]{section.5.2}{\376\377\0005\000.\0002\000\040\117\356\131\015\122\115\152\041\127\213\377\032\123\315\117\213\123\357\156\341\215\263\140\047\377\010\000S\000A\000T\377\011}{chapter.5}% 29
\BOOKMARK [1][-]{section.5.3}{\376\377\0005\000.\0003\000\040\117\356\131\015\124\016\152\041\127\213\377\032\123\315\117\213\116\015\123\357\156\341\215\263\140\047\377\010\000U\000N\000S\000A\000T\377\011}{chapter.5}% 30
\BOOKMARK [1][-]{section.5.4}{\376\377\0005\000.\0004\000\040\116\316\040\034\155\113\213\325\123\321\163\260\040\035\122\060\040\034\213\301\146\016\153\143\170\156\040\035\166\204\145\271\154\325\143\320\123\107}{chapter.5}% 31
\BOOKMARK [0][-]{chapter.6}{\376\377\173\054\0006\172\340\000\040\000\040\176\374\124\010\213\250\213\272}{}% 32
\BOOKMARK [1][-]{section.6.1}{\376\377\0006\000.\0001\000\040\116\011\174\173\213\301\143\156\224\376\377\010\227\131\140\001\040\023\122\250\140\001\040\023\137\142\137\017\123\026\377\011\166\204\116\222\213\301\121\163\174\373}{chapter.6}% 33
\BOOKMARK [1][-]{section.6.2}{\376\377\0006\000.\0002\000\040\232\330\230\316\226\151\152\041\127\127\154\273\164\006\124\057\171\072\377\010\000s\000t\000o\000r\000a\000g\000e\000/\000r\000e\000p\000l\000i\000c\000a\000t\000i\000o\000n\000/\000W\000A\000L\377\011}{chapter.6}% 34
\BOOKMARK [1][-]{section.6.3}{\376\377\0006\000.\0003\000\040\145\271\154\325\134\100\226\120\116\016\147\011\145\110\140\047\132\001\200\301}{chapter.6}% 35
\BOOKMARK [0][-]{chapter.7}{\376\377\173\054\0007\172\340\000\040\000\040\176\323\213\272\116\016\147\052\147\145\135\345\117\134}{}% 36
\BOOKMARK [1][-]{section.7.1}{\376\377\0007\000.\0001\000\040\116\073\211\201\170\024\172\166\176\323\213\272}{chapter.7}% 37
\BOOKMARK [1][-]{section.7.2}{\376\377\0007\000.\0002\000\040\135\345\172\013\133\236\215\365\136\372\213\256}{chapter.7}% 38
\BOOKMARK [1][-]{section.7.3}{\376\377\0007\000.\0003\000\040\124\016\176\355\135\345\117\134\377\010\201\352\122\250\150\300\155\113\060\001\201\352\122\250\117\356\131\015\060\001\000C\000I\000\040\226\306\142\020\377\011}{chapter.7}% 39
\BOOKMARK [0][-]{appendix.A}{\376\377\226\104\137\125\000\040\000A\000\040\000\040\131\047\133\146\133\146\117\115\213\272\145\207\144\260\121\231\211\201\154\102}{}% 40
\BOOKMARK [1][-]{section.A.1}{\376\377\000A\000.\0001\000\040\213\272\145\207\145\340\226\104\137\125\200\005\145\340\227\000\226\104\137\125\220\350\122\006}{appendix.A}% 41
\BOOKMARK [1][-]{section.A.2}{\376\377\000A\000.\0002\000\040\155\113\213\325\121\154\137\017\177\026\123\367\000\040\003\233\000,\003\273\000,\003\270\000,\003\233\000,\000S\000N\000N}{appendix.A}% 42
\BOOKMARK [1][-]{section.A.3}{\376\377\000A\000.\0003\000\040\155\113\213\325\165\037\120\373\133\127}{appendix.A}% 43
\BOOKMARK [0][-]{section*.17}{\376\377\123\302\200\003\145\207\163\056}{}% 44
\BOOKMARK [0][-]{appendix*.18}{\376\377\201\364\214\042}{}% 45
\BOOKMARK [0][-]{appendix*.19}{\376\377\117\134\200\005\173\200\123\206\123\312\145\073\213\373\133\146\117\115\147\037\225\364\123\321\210\150\166\204\133\146\147\057\213\272\145\207\116\016\170\024\172\166\142\020\147\234}{}% 46
